2025-12-27 21:04:19,003 - who - INFO - Descargando indicador: WHS9_86
2025-12-27 21:04:19,003 - who - INFO - Descargando: https://ghoapi.azureedge.net/api/WHS9_86 (intento 1)
2025-12-27 21:04:23,358 - who - INFO - Descargando indicador: WHS9_87
2025-12-27 21:04:23,358 - who - INFO - Descargando: https://ghoapi.azureedge.net/api/WHS9_87 (intento 1)
2025-12-27 21:04:24,314 - who - INFO - Descargando indicador: WHS9_88
2025-12-27 21:04:24,315 - who - INFO - Descargando: https://ghoapi.azureedge.net/api/WHS9_88 (intento 1)
2025-12-27 21:04:25,287 - worldbank - INFO - Procesando: Women who believe violence is justified (%)
2025-12-27 21:04:25,288 - worldbank - INFO - Descargando: SG.VAW.REAS.ZS
2025-12-27 21:04:25,288 - worldbank - INFO - Descargando: https://api.worldbank.org/v2/country/all/indicator/SG.VAW.REAS.ZS (intento 1)
2025-12-27 21:04:28,629 - worldbank - ERROR - Error descargando SG.VAW.REAS.ZS: Expecting value: line 1 column 1 (char 0)
2025-12-27 21:04:28,629 - worldbank - INFO - Procesando: Violence justified - arguing (%)
2025-12-27 21:04:28,630 - worldbank - INFO - Descargando: SG.VAW.ARGU.ZS
2025-12-27 21:04:28,630 - worldbank - INFO - Descargando: https://api.worldbank.org/v2/country/all/indicator/SG.VAW.ARGU.ZS (intento 1)
2025-12-27 21:04:29,932 - worldbank - ERROR - Error descargando SG.VAW.ARGU.ZS: Expecting value: line 1 column 1 (char 0)
2025-12-27 21:04:29,933 - worldbank - INFO - Procesando: Births attended by skilled health staff (%)
2025-12-27 21:04:29,933 - worldbank - INFO - Descargando: SH.STA.BRTC.ZS
2025-12-27 21:04:29,933 - worldbank - INFO - Descargando: https://api.worldbank.org/v2/country/all/indicator/SH.STA.BRTC.ZS (intento 1)
2025-12-27 21:04:30,906 - worldbank - ERROR - Error descargando SH.STA.BRTC.ZS: Expecting value: line 1 column 1 (char 0)
2025-12-27 21:04:30,907 - worldbank - INFO - Procesando: Primary completion rate, female (%)
2025-12-27 21:04:30,907 - worldbank - INFO - Descargando: SE.PRM.CMPT.FE.ZS
2025-12-27 21:04:30,907 - worldbank - INFO - Descargando: https://api.worldbank.org/v2/country/all/indicator/SE.PRM.CMPT.FE.ZS (intento 1)
2025-12-27 21:04:31,940 - worldbank - ERROR - Error descargando SE.PRM.CMPT.FE.ZS: Expecting value: line 1 column 1 (char 0)
2025-12-27 21:04:31,941 - worldbank - INFO - Procesando: Female labor force participation rate (%)
2025-12-27 21:04:31,941 - worldbank - INFO - Descargando: SL.TLF.CACT.FE.ZS
2025-12-27 21:04:31,941 - worldbank - INFO - Descargando: https://api.worldbank.org/v2/country/all/indicator/SL.TLF.CACT.FE.ZS (intento 1)
2025-12-27 21:04:32,985 - worldbank - ERROR - Error descargando SL.TLF.CACT.FE.ZS: Expecting value: line 1 column 1 (char 0)
2025-12-27 21:08:46,927 - who - INFO - Descargando indicador: WHS9_86
2025-12-27 21:08:46,928 - who - INFO - Descargando: https://ghoapi.azureedge.net/api/WHS9_86 (intento 1)
2025-12-27 21:09:01,627 - who - INFO - OK - WHS9_86: 0 registros
2025-12-27 21:09:01,627 - who - INFO - Descargando indicador: WHS9_87
2025-12-27 21:09:01,628 - who - INFO - Descargando: https://ghoapi.azureedge.net/api/WHS9_87 (intento 1)
2025-12-27 21:09:01,981 - who - INFO - OK - WHS9_87: 0 registros
2025-12-27 21:09:01,981 - who - INFO - Descargando indicador: WHS9_88
2025-12-27 21:09:01,982 - who - INFO - Descargando: https://ghoapi.azureedge.net/api/WHS9_88 (intento 1)
2025-12-27 21:09:02,333 - who - INFO - OK - WHS9_88: 0 registros
2025-12-27 21:09:02,339 - who - INFO - OK - Guardado: C:\Users\Melissa Maureen\Documents\est\DataSetsDowloaders\data\raw\who\who_violence_data.csv (0 filas)
2025-12-27 21:09:02,340 - worldbank - INFO - Procesando: Women who believe violence is justified (%)
2025-12-27 21:09:02,340 - worldbank - INFO - Descargando: SG.VAW.REAS.ZS
2025-12-27 21:09:02,341 - worldbank - INFO - Descargando: https://api.worldbank.org/v2/country/all/indicator/SG.VAW.REAS.ZS (intento 1)
2025-12-27 21:09:05,040 - worldbank - ERROR - Error descargando SG.VAW.REAS.ZS: Expecting value: line 1 column 1 (char 0)
2025-12-27 21:09:05,042 - worldbank - INFO - Procesando: Violence justified - arguing (%)
2025-12-27 21:09:05,042 - worldbank - INFO - Descargando: SG.VAW.ARGU.ZS
2025-12-27 21:09:05,043 - worldbank - INFO - Descargando: https://api.worldbank.org/v2/country/all/indicator/SG.VAW.ARGU.ZS (intento 1)
2025-12-27 21:09:05,794 - worldbank - ERROR - Error descargando SG.VAW.ARGU.ZS: Expecting value: line 1 column 1 (char 0)
2025-12-27 21:09:05,795 - worldbank - INFO - Procesando: Births attended by skilled health staff (%)
2025-12-27 21:09:05,795 - worldbank - INFO - Descargando: SH.STA.BRTC.ZS
2025-12-27 21:09:05,796 - worldbank - INFO - Descargando: https://api.worldbank.org/v2/country/all/indicator/SH.STA.BRTC.ZS (intento 1)
2025-12-27 21:09:07,198 - worldbank - ERROR - Error descargando SH.STA.BRTC.ZS: Expecting value: line 1 column 1 (char 0)
2025-12-27 21:09:07,199 - worldbank - INFO - Procesando: Primary completion rate, female (%)
2025-12-27 21:09:07,200 - worldbank - INFO - Descargando: SE.PRM.CMPT.FE.ZS
2025-12-27 21:09:07,200 - worldbank - INFO - Descargando: https://api.worldbank.org/v2/country/all/indicator/SE.PRM.CMPT.FE.ZS (intento 1)
2025-12-27 21:09:07,834 - worldbank - ERROR - Error descargando SE.PRM.CMPT.FE.ZS: Expecting value: line 1 column 1 (char 0)
2025-12-27 21:09:07,835 - worldbank - INFO - Procesando: Female labor force participation rate (%)
2025-12-27 21:09:07,836 - worldbank - INFO - Descargando: SL.TLF.CACT.FE.ZS
2025-12-27 21:09:07,836 - worldbank - INFO - Descargando: https://api.worldbank.org/v2/country/all/indicator/SL.TLF.CACT.FE.ZS (intento 1)
2025-12-27 21:09:08,478 - worldbank - ERROR - Error descargando SL.TLF.CACT.FE.ZS: Expecting value: line 1 column 1 (char 0)
2025-12-27 21:11:58,810 - who - INFO - Probando conexión con WHO API...
2025-12-27 21:12:08,206 - who - INFO - Prueba API - Status: 200
2025-12-27 21:12:08,207 - who - INFO - Prueba API - Content Type: application/json; odata.metadata=minimal; odata.streaming=true; charset=utf-8
2025-12-27 21:12:08,207 - who - INFO - Prueba API - Content Length: 407461
2025-12-27 21:12:08,208 - who - INFO - Descargando indicador: WHS9_86
2025-12-27 21:12:08,208 - who - INFO - Descargando: https://ghoapi.azureedge.net/api/WHS9_86 (intento 1)
2025-12-27 21:12:08,787 - who - INFO - Response status: 200
2025-12-27 21:12:08,788 - who - INFO - Content-Type: application/json; odata.metadata=minimal; odata.streaming=true; charset=utf-8
2025-12-27 21:12:08,788 - who - INFO - Content length: 82
2025-12-27 21:12:08,788 - who - INFO - JSON keys: ['@odata.context', 'value']
2025-12-27 21:12:08,789 - who - WARNING - No 'value' key o está vacío
2025-12-27 21:12:08,792 - who - WARNING - SKIP - WHS9_86: sin datos
2025-12-27 21:12:08,792 - who - INFO - Descargando indicador: WHS9_87
2025-12-27 21:12:08,792 - who - INFO - Descargando: https://ghoapi.azureedge.net/api/WHS9_87 (intento 1)
2025-12-27 21:12:09,142 - who - INFO - Response status: 200
2025-12-27 21:12:09,142 - who - INFO - Content-Type: application/json; odata.metadata=minimal; odata.streaming=true; charset=utf-8
2025-12-27 21:12:09,142 - who - INFO - Content length: 82
2025-12-27 21:12:09,143 - who - INFO - JSON keys: ['@odata.context', 'value']
2025-12-27 21:12:09,143 - who - WARNING - No 'value' key o está vacío
2025-12-27 21:12:09,144 - who - WARNING - SKIP - WHS9_87: sin datos
2025-12-27 21:12:09,145 - who - INFO - Descargando indicador: WHS9_88
2025-12-27 21:12:09,145 - who - INFO - Descargando: https://ghoapi.azureedge.net/api/WHS9_88 (intento 1)
2025-12-27 21:12:09,495 - who - INFO - Response status: 200
2025-12-27 21:12:09,495 - who - INFO - Content-Type: application/json; odata.metadata=minimal; odata.streaming=true; charset=utf-8
2025-12-27 21:12:09,496 - who - INFO - Content length: 82
2025-12-27 21:12:09,496 - who - INFO - JSON keys: ['@odata.context', 'value']
2025-12-27 21:12:09,497 - who - WARNING - No 'value' key o está vacío
2025-12-27 21:12:09,497 - who - WARNING - SKIP - WHS9_88: sin datos
2025-12-27 21:12:09,499 - worldbank - INFO - Probando conexión con World Bank API...
2025-12-27 21:12:11,779 - worldbank - INFO - Prueba API - Status: 200
2025-12-27 21:12:11,780 - worldbank - INFO - Prueba API - Content Type: application/json;charset=utf-8
2025-12-27 21:12:11,780 - worldbank - INFO - Procesando: Women who believe violence is justified (%)
2025-12-27 21:12:11,780 - worldbank - INFO - Descargando: SG.VAW.REAS.ZS
2025-12-27 21:12:13,457 - worldbank - INFO - Status: 200
2025-12-27 21:12:13,457 - worldbank - INFO - Content-Type: application/json;charset=utf-8
2025-12-27 21:12:13,458 - worldbank - INFO - Content length: 1792941
2025-12-27 21:12:13,483 - worldbank - INFO - JSON type: <class 'list'>, length: 2
2025-12-27 21:12:13,497 - worldbank - INFO - DataFrame shape: (6650, 8)
2025-12-27 21:12:13,498 - worldbank - INFO - Columnas: ['indicator', 'country', 'countryiso3code', 'date', 'value', 'unit', 'obs_status', 'decimal']
2025-12-27 21:12:13,500 - worldbank - INFO - OK - SG.VAW.REAS.ZS: 6650 registros
2025-12-27 21:12:13,500 - worldbank - INFO - Procesando: Violence justified - arguing (%)
2025-12-27 21:12:13,501 - worldbank - INFO - Descargando: SG.VAW.ARGU.ZS
2025-12-27 21:12:14,835 - worldbank - INFO - Status: 200
2025-12-27 21:12:14,840 - worldbank - INFO - Content-Type: application/json;charset=utf-8
2025-12-27 21:12:14,840 - worldbank - INFO - Content length: 1812859
2025-12-27 21:12:14,865 - worldbank - INFO - JSON type: <class 'list'>, length: 2
2025-12-27 21:12:14,877 - worldbank - INFO - DataFrame shape: (6650, 8)
2025-12-27 21:12:14,877 - worldbank - INFO - Columnas: ['indicator', 'country', 'countryiso3code', 'date', 'value', 'unit', 'obs_status', 'decimal']
2025-12-27 21:12:14,879 - worldbank - INFO - OK - SG.VAW.ARGU.ZS: 6650 registros
2025-12-27 21:12:14,880 - worldbank - INFO - Procesando: Births attended by skilled health staff (%)
2025-12-27 21:12:14,880 - worldbank - INFO - Descargando: SH.STA.BRTC.ZS
2025-12-27 21:12:16,152 - worldbank - INFO - Status: 200
2025-12-27 21:12:16,153 - worldbank - INFO - Content-Type: application/json;charset=utf-8
2025-12-27 21:12:16,153 - worldbank - INFO - Content length: 1567852
2025-12-27 21:12:16,178 - worldbank - INFO - JSON type: <class 'list'>, length: 2
2025-12-27 21:12:16,190 - worldbank - INFO - DataFrame shape: (6650, 8)
2025-12-27 21:12:16,191 - worldbank - INFO - Columnas: ['indicator', 'country', 'countryiso3code', 'date', 'value', 'unit', 'obs_status', 'decimal']
2025-12-27 21:12:16,193 - worldbank - INFO - OK - SH.STA.BRTC.ZS: 6650 registros
2025-12-27 21:12:16,193 - worldbank - INFO - Procesando: Primary completion rate, female (%)
2025-12-27 21:12:16,193 - worldbank - INFO - Descargando: SE.PRM.CMPT.FE.ZS
2025-12-27 21:12:17,888 - worldbank - INFO - Status: 200
2025-12-27 21:12:17,889 - worldbank - INFO - Content-Type: application/json;charset=utf-8
2025-12-27 21:12:17,889 - worldbank - INFO - Content length: 1671572
2025-12-27 21:12:17,916 - worldbank - INFO - JSON type: <class 'list'>, length: 2
2025-12-27 21:12:17,929 - worldbank - INFO - DataFrame shape: (6650, 8)
2025-12-27 21:12:17,929 - worldbank - INFO - Columnas: ['indicator', 'country', 'countryiso3code', 'date', 'value', 'unit', 'obs_status', 'decimal']
2025-12-27 21:12:17,932 - worldbank - INFO - OK - SE.PRM.CMPT.FE.ZS: 6650 registros
2025-12-27 21:12:17,932 - worldbank - INFO - Procesando: Female labor force participation rate (%)
2025-12-27 21:12:17,932 - worldbank - INFO - Descargando: SL.TLF.CACT.FE.ZS
2025-12-27 21:12:19,455 - worldbank - INFO - Status: 200
2025-12-27 21:12:19,455 - worldbank - INFO - Content-Type: application/json;charset=utf-8
2025-12-27 21:12:19,456 - worldbank - INFO - Content length: 1895853
2025-12-27 21:12:19,483 - worldbank - INFO - JSON type: <class 'list'>, length: 2
2025-12-27 21:12:19,497 - worldbank - INFO - DataFrame shape: (6650, 8)
2025-12-27 21:12:19,497 - worldbank - INFO - Columnas: ['indicator', 'country', 'countryiso3code', 'date', 'value', 'unit', 'obs_status', 'decimal']
2025-12-27 21:12:19,499 - worldbank - INFO - OK - SL.TLF.CACT.FE.ZS: 6650 registros
2025-12-27 21:12:19,859 - worldbank - INFO - OK - Guardado: C:\Users\Melissa Maureen\Documents\est\DataSetsDowloaders\data\raw\worldbank\worldbank_gender_indicators.csv (33250 filas)
2025-12-27 21:12:19,862 - unodc - INFO - Descargando datos de UNODC...
2025-12-27 21:12:19,862 - unodc - INFO - Descargando desde: https://dataunodc.un.org/sites/dataunodc.un.org/files/data_cts_intentional_homicide.xlsx
2025-12-27 21:12:19,863 - unodc - INFO - Descargando: https://dataunodc.un.org/sites/dataunodc.un.org/files/data_cts_intentional_homicide.xlsx (intento 1)
2025-12-27 21:12:27,741 - unodc - ERROR - Error descargando UNODC: Excel file format cannot be determined, you must specify an engine manually.
2025-12-27 21:12:27,744 - genderstats - INFO - Buscando datos de UN Women...
2025-12-27 21:12:27,745 - genderstats - INFO - Datos de ejemplo creados: 25 registros
2025-12-27 21:12:27,749 - genderstats - INFO - OK - Guardado: C:\Users\Melissa Maureen\Documents\est\DataSetsDowloaders\data\raw\genderstats\gender_stats_data.csv (25 filas)
